--------------------------------------------------------------------------------
Release 13.4 Trace  (nt64)
Copyright (c) 1995-2011 Xilinx, Inc.  All rights reserved.

C:\Xilinx\13.4\ISE_DS\ISE\bin\nt64\unwrapped\trce.exe -intstyle ise -v 3 -s 4
-n 3 -fastpaths -xml TopMod.twx TopMod.ncd -o TopMod.twr TopMod.pcf -ucf
TopMod.ucf

Design file:              TopMod.ncd
Physical constraint file: TopMod.pcf
Device,package,speed:     xc3s500e,fg320,-4 (PRODUCTION 1.27 2012-01-07)
Report level:             verbose report

Environment Variable      Effect 
--------------------      ------ 
NONE                      No environment variables were set
--------------------------------------------------------------------------------

INFO:Timing:2698 - No timing constraints found, doing default enumeration.
INFO:Timing:3412 - To improve timing, see the Timing Closure User Guide (UG612).
INFO:Timing:2752 - To get complete path coverage, use the unconstrained paths 
   option. All paths that are not constrained will be reported in the 
   unconstrained paths section(s) of the report.
INFO:Timing:3339 - The clock-to-out numbers in this timing report are based on 
   a 50 Ohm transmission line loading model.  For the details of this model, 
   and for more information on accounting for different loading conditions, 
   please see the device datasheet.
INFO:Timing:3390 - This architecture does not support a default System Jitter 
   value, please add SYSTEM_JITTER constraint to the UCF to modify the Clock 
   Uncertainty calculation.
INFO:Timing:3389 - This architecture does not support 'Discrete Jitter' and 
   'Phase Error' calculations, these terms will be zero in the Clock 
   Uncertainty calculation.  Please make appropriate modification to 
   SYSTEM_JITTER to account for the unsupported Discrete Jitter and Phase 
   Error.



Data Sheet report:
-----------------
All values displayed in nanoseconds (ns)

Clock clk to Pad
------------+------------+------------------+--------+
            | clk (edge) |                  | Clock  |
Destination |   to PAD   |Internal Clock(s) | Phase  |
------------+------------+------------------+--------+
MemAdr<1>   |    8.076(R)|clk_BUFGP         |   0.000|
MemAdr<2>   |    8.135(R)|clk_BUFGP         |   0.000|
MemAdr<3>   |    8.784(R)|clk_BUFGP         |   0.000|
MemAdr<4>   |    8.211(R)|clk_BUFGP         |   0.000|
MemAdr<5>   |    8.483(R)|clk_BUFGP         |   0.000|
MemAdr<6>   |    8.224(R)|clk_BUFGP         |   0.000|
MemAdr<7>   |    8.461(R)|clk_BUFGP         |   0.000|
MemAdr<8>   |    9.000(R)|clk_BUFGP         |   0.000|
MemAdr<9>   |    9.492(R)|clk_BUFGP         |   0.000|
MemAdr<10>  |    9.234(R)|clk_BUFGP         |   0.000|
MemAdr<11>  |    8.974(R)|clk_BUFGP         |   0.000|
MemAdr<12>  |    8.983(R)|clk_BUFGP         |   0.000|
MemAdr<13>  |    9.236(R)|clk_BUFGP         |   0.000|
MemAdr<14>  |    9.485(R)|clk_BUFGP         |   0.000|
MemAdr<15>  |    9.747(R)|clk_BUFGP         |   0.000|
MemAdr<16>  |    9.190(R)|clk_BUFGP         |   0.000|
MemAdr<17>  |   10.027(R)|clk_BUFGP         |   0.000|
MemAdr<18>  |   10.249(R)|clk_BUFGP         |   0.000|
MemAdr<19>  |   10.537(R)|clk_BUFGP         |   0.000|
MemAdr<20>  |   10.000(R)|clk_BUFGP         |   0.000|
MemAdr<21>  |    8.753(R)|clk_BUFGP         |   0.000|
MemAdr<22>  |   10.286(R)|clk_BUFGP         |   0.000|
MemAdr<23>  |    9.258(R)|clk_BUFGP         |   0.000|
MemDB<0>    |    7.901(R)|clk_BUFGP         |   0.000|
MemDB<1>    |    7.685(R)|clk_BUFGP         |   0.000|
MemDB<2>    |    7.881(R)|clk_BUFGP         |   0.000|
MemDB<3>    |    8.142(R)|clk_BUFGP         |   0.000|
MemDB<4>    |    8.975(R)|clk_BUFGP         |   0.000|
MemDB<5>    |    9.242(R)|clk_BUFGP         |   0.000|
MemDB<6>    |    8.903(R)|clk_BUFGP         |   0.000|
MemDB<7>    |    9.747(R)|clk_BUFGP         |   0.000|
MemDB<8>    |    8.154(R)|clk_BUFGP         |   0.000|
MemDB<9>    |    7.907(R)|clk_BUFGP         |   0.000|
MemDB<10>   |    8.389(R)|clk_BUFGP         |   0.000|
MemDB<11>   |    8.413(R)|clk_BUFGP         |   0.000|
MemDB<12>   |    8.152(R)|clk_BUFGP         |   0.000|
MemDB<13>   |    8.649(R)|clk_BUFGP         |   0.000|
MemDB<14>   |    9.413(R)|clk_BUFGP         |   0.000|
MemDB<15>   |    9.997(R)|clk_BUFGP         |   0.000|
MemOE       |    7.996(R)|clk_BUFGP         |   0.000|
MemWE       |    9.029(R)|clk_BUFGP         |   0.000|
RamCE       |    8.527(R)|clk_BUFGP         |   0.000|
------------+------------+------------------+--------+

Clock to Setup on destination clock clk
---------------+---------+---------+---------+---------+
               | Src:Rise| Src:Fall| Src:Rise| Src:Fall|
Source Clock   |Dest:Rise|Dest:Rise|Dest:Fall|Dest:Fall|
---------------+---------+---------+---------+---------+
clk            |    5.537|         |         |         |
---------------+---------+---------+---------+---------+

Pad to Pad
---------------+---------------+---------+
Source Pad     |Destination Pad|  Delay  |
---------------+---------------+---------+
nin<0>         |nout<0>        |    8.213|
---------------+---------------+---------+


Analysis completed Sun Oct 21 19:10:13 2012 
--------------------------------------------------------------------------------

Trace Settings:
-------------------------
Trace Settings 

Peak Memory Usage: 166 MB



