--------------------------------------------------------------------------------
Release 13.4 Trace  (nt64)
Copyright (c) 1995-2011 Xilinx, Inc.  All rights reserved.

C:\Xilinx\13.4\ISE_DS\ISE\bin\nt64\unwrapped\trce.exe -intstyle ise -v 3 -s 4
-n 3 -fastpaths -xml TopMod.twx TopMod.ncd -o TopMod.twr TopMod.pcf -ucf
TopMod.ucf

Design file:              TopMod.ncd
Physical constraint file: TopMod.pcf
Device,package,speed:     xc3s500e,fg320,-4 (PRODUCTION 1.27 2012-01-07)
Report level:             verbose report

Environment Variable      Effect 
--------------------      ------ 
NONE                      No environment variables were set
--------------------------------------------------------------------------------

INFO:Timing:2698 - No timing constraints found, doing default enumeration.
INFO:Timing:3412 - To improve timing, see the Timing Closure User Guide (UG612).
INFO:Timing:2752 - To get complete path coverage, use the unconstrained paths 
   option. All paths that are not constrained will be reported in the 
   unconstrained paths section(s) of the report.
INFO:Timing:3339 - The clock-to-out numbers in this timing report are based on 
   a 50 Ohm transmission line loading model.  For the details of this model, 
   and for more information on accounting for different loading conditions, 
   please see the device datasheet.
INFO:Timing:3390 - This architecture does not support a default System Jitter 
   value, please add SYSTEM_JITTER constraint to the UCF to modify the Clock 
   Uncertainty calculation.
INFO:Timing:3389 - This architecture does not support 'Discrete Jitter' and 
   'Phase Error' calculations, these terms will be zero in the Clock 
   Uncertainty calculation.  Please make appropriate modification to 
   SYSTEM_JITTER to account for the unsupported Discrete Jitter and Phase 
   Error.



Data Sheet report:
-----------------
All values displayed in nanoseconds (ns)

Setup/Hold to clock clk
------------+------------+------------+------------------+--------+
            |Max Setup to|Max Hold to |                  | Clock  |
Source      | clk (edge) | clk (edge) |Internal Clock(s) | Phase  |
------------+------------+------------+------------------+--------+
MemDB<0>    |    4.669(R)|   -0.795(R)|clk_BUFGP         |   0.000|
MemDB<1>    |    4.674(R)|   -0.801(R)|clk_BUFGP         |   0.000|
------------+------------+------------+------------------+--------+

Clock clk to Pad
------------+------------+------------------+--------+
            | clk (edge) |                  | Clock  |
Destination |   to PAD   |Internal Clock(s) | Phase  |
------------+------------+------------------+--------+
MemAdr<1>   |    7.761(R)|clk_BUFGP         |   0.000|
MemAdr<2>   |    7.683(R)|clk_BUFGP         |   0.000|
MemAdr<3>   |    7.759(R)|clk_BUFGP         |   0.000|
MemAdr<4>   |    7.421(R)|clk_BUFGP         |   0.000|
MemAdr<5>   |    7.500(R)|clk_BUFGP         |   0.000|
MemAdr<6>   |    7.155(R)|clk_BUFGP         |   0.000|
MemAdr<7>   |    7.197(R)|clk_BUFGP         |   0.000|
MemAdr<8>   |    7.689(R)|clk_BUFGP         |   0.000|
MemAdr<9>   |    8.119(R)|clk_BUFGP         |   0.000|
MemAdr<10>  |    8.048(R)|clk_BUFGP         |   0.000|
MemAdr<11>  |    8.108(R)|clk_BUFGP         |   0.000|
MemAdr<12>  |    7.957(R)|clk_BUFGP         |   0.000|
MemAdr<13>  |    7.991(R)|clk_BUFGP         |   0.000|
MemAdr<14>  |    8.058(R)|clk_BUFGP         |   0.000|
MemAdr<15>  |    8.156(R)|clk_BUFGP         |   0.000|
MemAdr<16>  |    8.751(R)|clk_BUFGP         |   0.000|
MemAdr<17>  |    8.355(R)|clk_BUFGP         |   0.000|
MemAdr<18>  |    8.565(R)|clk_BUFGP         |   0.000|
MemAdr<19>  |    8.605(R)|clk_BUFGP         |   0.000|
MemAdr<20>  |    8.296(R)|clk_BUFGP         |   0.000|
MemAdr<21>  |    8.632(R)|clk_BUFGP         |   0.000|
MemAdr<22>  |    8.356(R)|clk_BUFGP         |   0.000|
MemAdr<23>  |    8.700(R)|clk_BUFGP         |   0.000|
MemDB<0>    |    8.757(R)|clk_BUFGP         |   0.000|
MemDB<1>    |    8.365(R)|clk_BUFGP         |   0.000|
MemDB<2>    |    8.403(R)|clk_BUFGP         |   0.000|
MemDB<3>    |    8.346(R)|clk_BUFGP         |   0.000|
MemDB<4>    |    7.359(R)|clk_BUFGP         |   0.000|
MemDB<5>    |    7.907(R)|clk_BUFGP         |   0.000|
MemDB<6>    |    7.899(R)|clk_BUFGP         |   0.000|
MemDB<7>    |    8.414(R)|clk_BUFGP         |   0.000|
MemDB<8>    |    9.003(R)|clk_BUFGP         |   0.000|
MemDB<9>    |    8.341(R)|clk_BUFGP         |   0.000|
MemDB<10>   |    8.033(R)|clk_BUFGP         |   0.000|
MemDB<11>   |    7.913(R)|clk_BUFGP         |   0.000|
MemDB<12>   |    8.446(R)|clk_BUFGP         |   0.000|
MemDB<13>   |    7.359(R)|clk_BUFGP         |   0.000|
MemDB<14>   |    8.155(R)|clk_BUFGP         |   0.000|
MemDB<15>   |    8.664(R)|clk_BUFGP         |   0.000|
MemOE       |    8.495(R)|clk_BUFGP         |   0.000|
MemWE       |    8.064(R)|clk_BUFGP         |   0.000|
RamCE       |    8.535(R)|clk_BUFGP         |   0.000|
nout<0>     |   16.248(R)|clk_BUFGP         |   0.000|
------------+------------+------------------+--------+

Clock to Setup on destination clock clk
---------------+---------+---------+---------+---------+
               | Src:Rise| Src:Fall| Src:Rise| Src:Fall|
Source Clock   |Dest:Rise|Dest:Rise|Dest:Fall|Dest:Fall|
---------------+---------+---------+---------+---------+
clk            |    7.217|         |         |         |
---------------+---------+---------+---------+---------+

Pad to Pad
---------------+---------------+---------+
Source Pad     |Destination Pad|  Delay  |
---------------+---------------+---------+
nin<0>         |nout<0>        |   16.679|
---------------+---------------+---------+


Analysis completed Sat Oct 20 23:52:00 2012 
--------------------------------------------------------------------------------

Trace Settings:
-------------------------
Trace Settings 

Peak Memory Usage: 171 MB



