Release 13.4 - xst O.87xd (nt64)
Copyright (c) 1995-2011 Xilinx, Inc.  All rights reserved.
--> Parameter TMPDIR set to xst/projnav.tmp


Total REAL time to Xst completion: 0.00 secs
Total CPU time to Xst completion: 0.22 secs
 
--> Parameter xsthdpdir set to xst


Total REAL time to Xst completion: 0.00 secs
Total CPU time to Xst completion: 0.22 secs
 
--> Reading design: TopMod.prj

TABLE OF CONTENTS
  1) Synthesis Options Summary
  2) HDL Compilation
  3) Design Hierarchy Analysis
  4) HDL Analysis
  5) HDL Synthesis
     5.1) HDL Synthesis Report
  6) Advanced HDL Synthesis
     6.1) Advanced HDL Synthesis Report
  7) Low Level Synthesis
  8) Partition Report
  9) Final Report
	9.1) Device utilization summary
	9.2) Partition Resource Summary
	9.3) TIMING REPORT


=========================================================================
*                      Synthesis Options Summary                        *
=========================================================================
---- Source Parameters
Input File Name                    : "TopMod.prj"
Input Format                       : mixed
Ignore Synthesis Constraint File   : NO

---- Target Parameters
Output File Name                   : "TopMod"
Output Format                      : NGC
Target Device                      : xc3s500e-4-fg320

---- Source Options
Top Module Name                    : TopMod
Automatic FSM Extraction           : YES
FSM Encoding Algorithm             : Auto
Safe Implementation                : No
FSM Style                          : LUT
RAM Extraction                     : Yes
RAM Style                          : Auto
ROM Extraction                     : Yes
Mux Style                          : Auto
Decoder Extraction                 : YES
Priority Encoder Extraction        : Yes
Shift Register Extraction          : YES
Logical Shifter Extraction         : YES
XOR Collapsing                     : YES
ROM Style                          : Auto
Mux Extraction                     : Yes
Resource Sharing                   : YES
Asynchronous To Synchronous        : NO
Multiplier Style                   : Auto
Automatic Register Balancing       : No

---- Target Options
Add IO Buffers                     : YES
Global Maximum Fanout              : 100000
Add Generic Clock Buffer(BUFG)     : 24
Register Duplication               : YES
Slice Packing                      : YES
Optimize Instantiated Primitives   : NO
Use Clock Enable                   : Yes
Use Synchronous Set                : Yes
Use Synchronous Reset              : Yes
Pack IO Registers into IOBs        : Auto
Equivalent register Removal        : YES

---- General Options
Optimization Goal                  : Speed
Optimization Effort                : 1
Keep Hierarchy                     : No
Netlist Hierarchy                  : As_Optimized
RTL Output                         : Yes
Global Optimization                : AllClockNets
Read Cores                         : YES
Write Timing Constraints           : NO
Cross Clock Analysis               : NO
Hierarchy Separator                : /
Bus Delimiter                      : <>
Case Specifier                     : Maintain
Slice Utilization Ratio            : 100
BRAM Utilization Ratio             : 100
Verilog 2001                       : YES
Auto BRAM Packing                  : NO
Slice Utilization Ratio Delta      : 5

=========================================================================


=========================================================================
*                          HDL Compilation                              *
=========================================================================
Compiling verilog file "add3.v" in library work
Compiling verilog file "slowclock.v" in library work
Module <add3> compiled
Compiling verilog file "my_counter.v" in library work
Module <slowclock> compiled
Compiling verilog file "mux4to1.v" in library work
Module <my_counter> compiled
Compiling verilog file "decoder2to4.v" in library work
Module <mux4to1> compiled
Compiling verilog file "binary_to_BCD.v" in library work
Module <decoder2to4> compiled
Compiling verilog file "bcd7seg.v" in library work
Module <binary_to_BCD> compiled
Compiling verilog file "RAMControl.v" in library work
Module <bcd7seg> compiled
Compiling verilog file "pngenerator.v" in library work
Module <RAMControl> compiled
Compiling verilog file "NetworkControl.v" in library work
Module <PNGenerator> compiled
Compiling verilog file "DNAInitializer.v" in library work
Module <NetworkControl> compiled
Compiling verilog file "bcddisplay4.v" in library work
Module <DNAInitializer> compiled
Compiling verilog file "TopMod.v" in library work
Module <bcddisplay4> compiled
Module <TopMod> compiled
No errors in compilation
Analysis of file <"TopMod.prj"> succeeded.
 

=========================================================================
*                     Design Hierarchy Analysis                         *
=========================================================================
Analyzing hierarchy for module <TopMod> in library <work> with parameters.
	READ = "00000000000000000000000000000000"
	WRITE = "00000000000000000000000000000001"

Analyzing hierarchy for module <bcddisplay4> in library <work> with parameters.
	zero = "0000"

Analyzing hierarchy for module <RAMControl> in library <work> with parameters.
	READ = "00000000000000000000000000000000"
	READWAIT0 = "00000000000000000000000000000011"
	READWAIT1 = "00000000000000000000000000000100"
	READWAIT2 = "00000000000000000000000000000101"
	READWAIT3 = "00000000000000000000000000000110"
	RESET = "00000000000000000000000000000010"
	WRITE = "00000000000000000000000000000001"
	WRITEWAIT0 = "00000000000000000000000000000111"
	WRITEWAIT1 = "00000000000000000000000000001000"
	WRITEWAIT2 = "00000000000000000000000000001001"
	WRITEWAIT3 = "00000000000000000000000000001010"

Analyzing hierarchy for module <NetworkControl> in library <work> with parameters.
	CROSS = "00000000000000000000000000000011"
	INITIALIZE = "00000000000000000000000000000000"
	NETWORKS_PER_POPULATION = "00000000000000000000000000010000"
	RUN = "00000000000000000000000000000001"
	SORT = "00000000000000000000000000000010"

Analyzing hierarchy for module <DNAInitializer> in library <work> with parameters.
	CONNECTIONS = "00000000000000000000000000000010"
	INPUT_COUNT = "00000000000000000000000000000001"
	NETWORKS_PER_POPULATION = "00000000000000000000000000010000"
	NEURON_COUNT = "00000000000000000000000000000010"
	OUTPUT_COUNT = "00000000000000000000000000000001"
	READ = "00000000000000000000000000000000"
	WRITE = "00000000000000000000000000000001"

Analyzing hierarchy for module <PNGenerator> in library <work>.

Analyzing hierarchy for module <binary_to_BCD> in library <work>.

Analyzing hierarchy for module <mux4to1> in library <work>.

Analyzing hierarchy for module <slowclock> in library <work>.

Analyzing hierarchy for module <my_counter> in library <work>.

Analyzing hierarchy for module <decoder2to4> in library <work>.

Analyzing hierarchy for module <bcd7seg> in library <work>.

Analyzing hierarchy for module <add3> in library <work>.


=========================================================================
*                            HDL Analysis                               *
=========================================================================
Analyzing top module <TopMod>.
	READ = 32'sb00000000000000000000000000000000
	WRITE = 32'sb00000000000000000000000000000001
Module <TopMod> is correct for synthesis.
 
Analyzing module <bcddisplay4> in library <work>.
	zero = 4'b0000
Module <bcddisplay4> is correct for synthesis.
 
Analyzing module <binary_to_BCD> in library <work>.
Module <binary_to_BCD> is correct for synthesis.
 
Analyzing module <add3> in library <work>.
Module <add3> is correct for synthesis.
 
Analyzing module <mux4to1> in library <work>.
Module <mux4to1> is correct for synthesis.
 
Analyzing module <slowclock> in library <work>.
Module <slowclock> is correct for synthesis.
 
Analyzing module <my_counter> in library <work>.
Module <my_counter> is correct for synthesis.
 
Analyzing module <decoder2to4> in library <work>.
Module <decoder2to4> is correct for synthesis.
 
Analyzing module <bcd7seg> in library <work>.
Module <bcd7seg> is correct for synthesis.
 
Analyzing module <RAMControl> in library <work>.
	READ = 32'sb00000000000000000000000000000000
	READWAIT0 = 32'sb00000000000000000000000000000011
	READWAIT1 = 32'sb00000000000000000000000000000100
	READWAIT2 = 32'sb00000000000000000000000000000101
	READWAIT3 = 32'sb00000000000000000000000000000110
	RESET = 32'sb00000000000000000000000000000010
	WRITE = 32'sb00000000000000000000000000000001
	WRITEWAIT0 = 32'sb00000000000000000000000000000111
	WRITEWAIT1 = 32'sb00000000000000000000000000001000
	WRITEWAIT2 = 32'sb00000000000000000000000000001001
	WRITEWAIT3 = 32'sb00000000000000000000000000001010
Module <RAMControl> is correct for synthesis.
 
Analyzing module <NetworkControl> in library <work>.
	CROSS = 32'sb00000000000000000000000000000011
	INITIALIZE = 32'sb00000000000000000000000000000000
	NETWORKS_PER_POPULATION = 32'sb00000000000000000000000000010000
	RUN = 32'sb00000000000000000000000000000001
	SORT = 32'sb00000000000000000000000000000010
Module <NetworkControl> is correct for synthesis.
 
Analyzing module <DNAInitializer> in library <work>.
	CONNECTIONS = 32'sb00000000000000000000000000000010
	INPUT_COUNT = 32'sb00000000000000000000000000000001
	NETWORKS_PER_POPULATION = 32'sb00000000000000000000000000010000
	NEURON_COUNT = 32'sb00000000000000000000000000000010
	OUTPUT_COUNT = 32'sb00000000000000000000000000000001
	READ = 32'sb00000000000000000000000000000000
	WRITE = 32'sb00000000000000000000000000000001
Module <DNAInitializer> is correct for synthesis.
 
Analyzing module <PNGenerator> in library <work>.
Module <PNGenerator> is correct for synthesis.
 

=========================================================================
*                           HDL Synthesis                               *
=========================================================================

Performing bidirectional port resolution...

Synthesizing Unit <RAMControl>.
    Related source file is "RAMControl.v".
    Found 16-bit tristate buffer for signal <MemDB>.
    Found 16-bit register for signal <ramBusDataOut>.
    Found 1-bit register for signal <MemOE>.
    Found 1-bit register for signal <MemWE>.
    Found 1-bit register for signal <RamCE>.
    Found 1-bit register for signal <Ready>.
    Found 1-bit register for signal <MemDBOE>.
    Found 16-bit register for signal <MemDBOut>.
    Found 4-bit register for signal <ramState>.
    Summary:
	inferred  41 D-type flip-flop(s).
	inferred  16 Tristate(s).
Unit <RAMControl> synthesized.


Synthesizing Unit <NetworkControl>.
    Related source file is "NetworkControl.v".
    Found 2-bit register for signal <networkState>.
    Found 8-bit up counter for signal <generationCounter>.
    Summary:
	inferred   1 Counter(s).
	inferred   2 D-type flip-flop(s).
Unit <NetworkControl> synthesized.


Synthesizing Unit <DNAInitializer>.
    Related source file is "DNAInitializer.v".
    Found 1-bit register for signal <finished>.
    Found 1-bit tristate buffer for signal <ramInstruction>.
    Found 23-bit tristate buffer for signal <ramBusAddr>.
    Found 1-bit tristate buffer for signal <ramLatch>.
    Found 16-bit tristate buffer for signal <ramBusDataIn>.
    Found 23-bit comparator less for signal <finished$cmp_lt0000> created at line 66.
    Found 23-bit up counter for signal <ramBusAddrTemp>.
    Found 16-bit register for signal <ramBusDataInTemp>.
    Found 23-bit comparator greatequal for signal <ramBusDataInTemp$cmp_ge0000> created at line 66.
    Found 1-bit register for signal <ramLatchTemp>.
    Summary:
	inferred   1 Counter(s).
	inferred  18 D-type flip-flop(s).
	inferred   2 Comparator(s).
	inferred  41 Tristate(s).
Unit <DNAInitializer> synthesized.


Synthesizing Unit <PNGenerator>.
    Related source file is "pngenerator.v".
    Found 9-bit register for signal <randomnum>.
    Found 9-bit adder for signal <randomnum$add0000> created at line 39.
    Found 8-bit register for signal <randtemp>.
    Found 1-bit xor3 for signal <randtemp_7$xor0000> created at line 37.
    Summary:
	inferred  17 D-type flip-flop(s).
	inferred   1 Adder/Subtractor(s).
	inferred   1 Xor(s).
Unit <PNGenerator> synthesized.


Synthesizing Unit <mux4to1>.
    Related source file is "mux4to1.v".
    Found 4-bit 4-to-1 multiplexer for signal <Y>.
    Summary:
	inferred   4 Multiplexer(s).
Unit <mux4to1> synthesized.


Synthesizing Unit <slowclock>.
    Related source file is "slowclock.v".
    Found 1-bit register for signal <clk_out>.
    Found 26-bit up counter for signal <period_count>.
    Summary:
	inferred   1 Counter(s).
	inferred   1 D-type flip-flop(s).
Unit <slowclock> synthesized.


Synthesizing Unit <my_counter>.
    Related source file is "my_counter.v".
    Found 2-bit up counter for signal <temp>.
    Summary:
	inferred   1 Counter(s).
Unit <my_counter> synthesized.


Synthesizing Unit <decoder2to4>.
    Related source file is "decoder2to4.v".
    Found 1-of-4 decoder for signal <an>.
    Summary:
	inferred   1 Decoder(s).
Unit <decoder2to4> synthesized.


Synthesizing Unit <bcd7seg>.
    Related source file is "bcd7seg.v".
    Found 16x7-bit ROM for signal <disp>.
    Summary:
	inferred   1 ROM(s).
Unit <bcd7seg> synthesized.


Synthesizing Unit <add3>.
    Related source file is "add3.v".
    Found 16x4-bit ROM for signal <out>.
    Summary:
	inferred   1 ROM(s).
Unit <add3> synthesized.


Synthesizing Unit <binary_to_BCD>.
    Related source file is "binary_to_BCD.v".
Unit <binary_to_BCD> synthesized.


Synthesizing Unit <bcddisplay4>.
    Related source file is "bcddisplay4.v".
Unit <bcddisplay4> synthesized.


Synthesizing Unit <TopMod>.
    Related source file is "TopMod.v".
WARNING:Xst:1780 - Signal <timeToRun> is never used or assigned. This unconnected signal will be trimmed during the optimization process.
WARNING:Xst:653 - Signal <sortFinished> is used but never assigned. This sourceless signal will be automatically connected to value 0.
WARNING:Xst:653 - Signal <randomizeEnabled> is used but never assigned. This sourceless signal will be automatically connected to value 1.
WARNING:Xst:646 - Signal <ramBusDataOut> is assigned but never used. This unconnected signal will be trimmed during the optimization process.
WARNING:Xst:653 - Signal <networkFinished> is used but never assigned. This sourceless signal will be automatically connected to value 0.
WARNING:Xst:646 - Signal <generationCounter> is assigned but never used. This unconnected signal will be trimmed during the optimization process.
WARNING:Xst:1780 - Signal <fitness> is never used or assigned. This unconnected signal will be trimmed during the optimization process.
WARNING:Xst:653 - Signal <crossFinished> is used but never assigned. This sourceless signal will be automatically connected to value 0.
WARNING:Xst:653 - Signal <activeNetwork> is used but never assigned. This sourceless signal will be automatically connected to value 0000.
Unit <TopMod> synthesized.


=========================================================================
HDL Synthesis Report

Macro Statistics
# ROMs                                                 : 8
 16x4-bit ROM                                          : 7
 16x7-bit ROM                                          : 1
# Adders/Subtractors                                   : 1
 9-bit adder                                           : 1
# Counters                                             : 4
 2-bit up counter                                      : 1
 23-bit up counter                                     : 1
 26-bit up counter                                     : 1
 8-bit up counter                                      : 1
# Registers                                            : 22
 1-bit register                                        : 16
 16-bit register                                       : 3
 2-bit register                                        : 1
 4-bit register                                        : 1
 9-bit register                                        : 1
# Comparators                                          : 2
 23-bit comparator greatequal                          : 1
 23-bit comparator less                                : 1
# Multiplexers                                         : 1
 4-bit 4-to-1 multiplexer                              : 1
# Decoders                                             : 1
 1-of-4 decoder                                        : 1
# Tristates                                            : 5
 1-bit tristate buffer                                 : 2
 16-bit tristate buffer                                : 2
 23-bit tristate buffer                                : 1
# Xors                                                 : 1
 1-bit xor3                                            : 1

=========================================================================

=========================================================================
*                       Advanced HDL Synthesis                          *
=========================================================================

INFO:Xst:2261 - The FF/Latch <ramBusDataInTemp_2> in Unit <INIT> is equivalent to the following 13 FFs/Latches, which will be removed : <ramBusDataInTemp_3> <ramBusDataInTemp_4> <ramBusDataInTemp_5> <ramBusDataInTemp_6> <ramBusDataInTemp_7> <ramBusDataInTemp_8> <ramBusDataInTemp_9> <ramBusDataInTemp_10> <ramBusDataInTemp_11> <ramBusDataInTemp_12> <ramBusDataInTemp_13> <ramBusDataInTemp_14> <ramBusDataInTemp_15> 
WARNING:Xst:1293 - FF/Latch <networkState_1> has a constant value of 0 in block <NC>. This FF/Latch will be trimmed during the optimization process.
WARNING:Xst:1293 - FF/Latch <ramBusDataInTemp_2> has a constant value of 0 in block <INIT>. This FF/Latch will be trimmed during the optimization process.
WARNING:Xst:2677 - Node <randomnum_2> of sequential type is unconnected in block <RAND>.
WARNING:Xst:2677 - Node <randomnum_3> of sequential type is unconnected in block <RAND>.
WARNING:Xst:2677 - Node <randomnum_4> of sequential type is unconnected in block <RAND>.
WARNING:Xst:2677 - Node <randomnum_5> of sequential type is unconnected in block <RAND>.
WARNING:Xst:2677 - Node <randomnum_6> of sequential type is unconnected in block <RAND>.
WARNING:Xst:2677 - Node <randomnum_7> of sequential type is unconnected in block <RAND>.
WARNING:Xst:2677 - Node <randomnum_8> of sequential type is unconnected in block <RAND>.

=========================================================================
Advanced HDL Synthesis Report

Macro Statistics
# ROMs                                                 : 8
 16x4-bit ROM                                          : 7
 16x7-bit ROM                                          : 1
# Adders/Subtractors                                   : 1
 9-bit adder                                           : 1
# Counters                                             : 4
 2-bit up counter                                      : 1
 23-bit up counter                                     : 1
 26-bit up counter                                     : 1
 8-bit up counter                                      : 1
# Registers                                            : 79
 Flip-Flops                                            : 79
# Comparators                                          : 2
 23-bit comparator greatequal                          : 1
 23-bit comparator less                                : 1
# Multiplexers                                         : 1
 4-bit 4-to-1 multiplexer                              : 1
# Decoders                                             : 1
 1-of-4 decoder                                        : 1
# Xors                                                 : 1
 1-bit xor3                                            : 1

=========================================================================

=========================================================================
*                         Low Level Synthesis                           *
=========================================================================
WARNING:Xst:1293 - FF/Latch <ramBusDataInTemp_2> has a constant value of 0 in block <DNAInitializer>. This FF/Latch will be trimmed during the optimization process.
WARNING:Xst:1896 - Due to other FF/Latch trimming, FF/Latch <ramBusDataInTemp_3> has a constant value of 0 in block <DNAInitializer>. This FF/Latch will be trimmed during the optimization process.
WARNING:Xst:1896 - Due to other FF/Latch trimming, FF/Latch <ramBusDataInTemp_4> has a constant value of 0 in block <DNAInitializer>. This FF/Latch will be trimmed during the optimization process.
WARNING:Xst:1896 - Due to other FF/Latch trimming, FF/Latch <ramBusDataInTemp_5> has a constant value of 0 in block <DNAInitializer>. This FF/Latch will be trimmed during the optimization process.
WARNING:Xst:1896 - Due to other FF/Latch trimming, FF/Latch <ramBusDataInTemp_6> has a constant value of 0 in block <DNAInitializer>. This FF/Latch will be trimmed during the optimization process.
WARNING:Xst:1896 - Due to other FF/Latch trimming, FF/Latch <ramBusDataInTemp_7> has a constant value of 0 in block <DNAInitializer>. This FF/Latch will be trimmed during the optimization process.
WARNING:Xst:1896 - Due to other FF/Latch trimming, FF/Latch <ramBusDataInTemp_8> has a constant value of 0 in block <DNAInitializer>. This FF/Latch will be trimmed during the optimization process.
WARNING:Xst:1896 - Due to other FF/Latch trimming, FF/Latch <ramBusDataInTemp_9> has a constant value of 0 in block <DNAInitializer>. This FF/Latch will be trimmed during the optimization process.
WARNING:Xst:1896 - Due to other FF/Latch trimming, FF/Latch <ramBusDataInTemp_10> has a constant value of 0 in block <DNAInitializer>. This FF/Latch will be trimmed during the optimization process.
WARNING:Xst:1896 - Due to other FF/Latch trimming, FF/Latch <ramBusDataInTemp_11> has a constant value of 0 in block <DNAInitializer>. This FF/Latch will be trimmed during the optimization process.
WARNING:Xst:1896 - Due to other FF/Latch trimming, FF/Latch <ramBusDataInTemp_12> has a constant value of 0 in block <DNAInitializer>. This FF/Latch will be trimmed during the optimization process.
WARNING:Xst:1896 - Due to other FF/Latch trimming, FF/Latch <ramBusDataInTemp_13> has a constant value of 0 in block <DNAInitializer>. This FF/Latch will be trimmed during the optimization process.
WARNING:Xst:1896 - Due to other FF/Latch trimming, FF/Latch <ramBusDataInTemp_14> has a constant value of 0 in block <DNAInitializer>. This FF/Latch will be trimmed during the optimization process.
WARNING:Xst:1896 - Due to other FF/Latch trimming, FF/Latch <ramBusDataInTemp_15> has a constant value of 0 in block <DNAInitializer>. This FF/Latch will be trimmed during the optimization process.
WARNING:Xst:1293 - FF/Latch <networkState_1> has a constant value of 0 in block <NetworkControl>. This FF/Latch will be trimmed during the optimization process.
WARNING:Xst:1293 - FF/Latch <generationCounter_0> has a constant value of 0 in block <NetworkControl>. This FF/Latch will be trimmed during the optimization process.
WARNING:Xst:1896 - Due to other FF/Latch trimming, FF/Latch <generationCounter_1> has a constant value of 0 in block <NetworkControl>. This FF/Latch will be trimmed during the optimization process.
WARNING:Xst:1896 - Due to other FF/Latch trimming, FF/Latch <generationCounter_2> has a constant value of 0 in block <NetworkControl>. This FF/Latch will be trimmed during the optimization process.
WARNING:Xst:1896 - Due to other FF/Latch trimming, FF/Latch <generationCounter_3> has a constant value of 0 in block <NetworkControl>. This FF/Latch will be trimmed during the optimization process.
WARNING:Xst:1896 - Due to other FF/Latch trimming, FF/Latch <generationCounter_4> has a constant value of 0 in block <NetworkControl>. This FF/Latch will be trimmed during the optimization process.
WARNING:Xst:1896 - Due to other FF/Latch trimming, FF/Latch <generationCounter_5> has a constant value of 0 in block <NetworkControl>. This FF/Latch will be trimmed during the optimization process.
WARNING:Xst:1896 - Due to other FF/Latch trimming, FF/Latch <generationCounter_6> has a constant value of 0 in block <NetworkControl>. This FF/Latch will be trimmed during the optimization process.
WARNING:Xst:1896 - Due to other FF/Latch trimming, FF/Latch <generationCounter_7> has a constant value of 0 in block <NetworkControl>. This FF/Latch will be trimmed during the optimization process.
WARNING:Xst:1710 - FF/Latch <randomnum_8> (without init value) has a constant value of 1 in block <PNGenerator>. This FF/Latch will be trimmed during the optimization process.
WARNING:Xst:2677 - Node <RC/ramBusDataOut_15> of sequential type is unconnected in block <TopMod>.
WARNING:Xst:2677 - Node <RC/ramBusDataOut_14> of sequential type is unconnected in block <TopMod>.
WARNING:Xst:2677 - Node <RC/ramBusDataOut_13> of sequential type is unconnected in block <TopMod>.
WARNING:Xst:2677 - Node <RC/ramBusDataOut_12> of sequential type is unconnected in block <TopMod>.
WARNING:Xst:2677 - Node <RC/ramBusDataOut_11> of sequential type is unconnected in block <TopMod>.
WARNING:Xst:2677 - Node <RC/ramBusDataOut_10> of sequential type is unconnected in block <TopMod>.
WARNING:Xst:2677 - Node <RC/ramBusDataOut_9> of sequential type is unconnected in block <TopMod>.
WARNING:Xst:2677 - Node <RC/ramBusDataOut_8> of sequential type is unconnected in block <TopMod>.
WARNING:Xst:2677 - Node <RC/ramBusDataOut_7> of sequential type is unconnected in block <TopMod>.
WARNING:Xst:2677 - Node <RC/ramBusDataOut_6> of sequential type is unconnected in block <TopMod>.
WARNING:Xst:2677 - Node <RC/ramBusDataOut_5> of sequential type is unconnected in block <TopMod>.
WARNING:Xst:2677 - Node <RC/ramBusDataOut_4> of sequential type is unconnected in block <TopMod>.
WARNING:Xst:2677 - Node <RC/ramBusDataOut_3> of sequential type is unconnected in block <TopMod>.
WARNING:Xst:2677 - Node <RC/ramBusDataOut_2> of sequential type is unconnected in block <TopMod>.
WARNING:Xst:2677 - Node <RC/ramBusDataOut_1> of sequential type is unconnected in block <TopMod>.
WARNING:Xst:2677 - Node <RC/ramBusDataOut_0> of sequential type is unconnected in block <TopMod>.
WARNING:Xst:2042 - Unit DNAInitializer: 18 internal tristates are replaced by logic (pull-up yes): ramBusDataIn<0>, ramBusDataIn<10>, ramBusDataIn<11>, ramBusDataIn<12>, ramBusDataIn<13>, ramBusDataIn<14>, ramBusDataIn<15>, ramBusDataIn<1>, ramBusDataIn<2>, ramBusDataIn<3>, ramBusDataIn<4>, ramBusDataIn<5>, ramBusDataIn<6>, ramBusDataIn<7>, ramBusDataIn<8>, ramBusDataIn<9>, ramInstruction, ramLatch.

Optimizing unit <TopMod> ...
INFO:Xst:2261 - The FF/Latch <RC/MemDBOut_15> in Unit <TopMod> is equivalent to the following 13 FFs/Latches, which will be removed : <RC/MemDBOut_14> <RC/MemDBOut_13> <RC/MemDBOut_12> <RC/MemDBOut_11> <RC/MemDBOut_10> <RC/MemDBOut_9> <RC/MemDBOut_8> <RC/MemDBOut_7> <RC/MemDBOut_6> <RC/MemDBOut_5> <RC/MemDBOut_4> <RC/MemDBOut_3> <RC/MemDBOut_2> 

Optimizing unit <PNGenerator> ...
WARNING:Xst:2677 - Node <RAND/randomnum_7> of sequential type is unconnected in block <TopMod>.
WARNING:Xst:2677 - Node <RAND/randomnum_6> of sequential type is unconnected in block <TopMod>.
WARNING:Xst:2677 - Node <RAND/randomnum_5> of sequential type is unconnected in block <TopMod>.
WARNING:Xst:2677 - Node <RAND/randomnum_4> of sequential type is unconnected in block <TopMod>.
WARNING:Xst:2677 - Node <RAND/randomnum_3> of sequential type is unconnected in block <TopMod>.
WARNING:Xst:2677 - Node <RAND/randomnum_2> of sequential type is unconnected in block <TopMod>.

Mapping all equations...
Building and optimizing final netlist ...
Found area constraint ratio of 100 (+ 5) on block TopMod, actual ratio is 1.

Final Macro Processing ...

=========================================================================
Final Register Report

Macro Statistics
# Registers                                            : 79
 Flip-Flops                                            : 79

=========================================================================

=========================================================================
*                           Partition Report                            *
=========================================================================

Partition Implementation Status
-------------------------------

  No Partitions were found in this design.

-------------------------------

=========================================================================
*                            Final Report                               *
=========================================================================
Final Results
RTL Top Level Output File Name     : TopMod.ngr
Top Level Output File Name         : TopMod
Output Format                      : NGC
Optimization Goal                  : Speed
Keep Hierarchy                     : No

Design Statistics
# IOs                              : 61

Cell Usage :
# BELS                             : 211
#      GND                         : 1
#      INV                         : 5
#      LUT1                        : 49
#      LUT2                        : 12
#      LUT3                        : 4
#      LUT3_L                      : 2
#      LUT4                        : 23
#      LUT4_L                      : 2
#      MUXCY                       : 61
#      MUXF5                       : 2
#      VCC                         : 1
#      XORCY                       : 49
# FlipFlops/Latches                : 79
#      FD                          : 12
#      FDE                         : 30
#      FDR                         : 31
#      FDS                         : 6
# Clock Buffers                    : 1
#      BUFGP                       : 1
# IO Buffers                       : 60
#      IBUF                        : 1
#      OBUF                        : 20
#      OBUFT                       : 39
=========================================================================

Device utilization summary:
---------------------------

Selected Device : 3s500efg320-4 

 Number of Slices:                       56  out of   4656     1%  
 Number of Slice Flip Flops:             79  out of   9312     0%  
 Number of 4 input LUTs:                 97  out of   9312     1%  
 Number of IOs:                          61
 Number of bonded IOBs:                  61  out of    232    26%  
 Number of GCLKs:                         1  out of     24     4%  

---------------------------
Partition Resource Summary:
---------------------------

  No Partitions were found in this design.

---------------------------


=========================================================================
TIMING REPORT

NOTE: THESE TIMING NUMBERS ARE ONLY A SYNTHESIS ESTIMATE.
      FOR ACCURATE TIMING INFORMATION PLEASE REFER TO THE TRACE REPORT
      GENERATED AFTER PLACE-and-ROUTE.

Clock Information:
------------------
-----------------------------------+------------------------+-------+
Clock Signal                       | Clock buffer(FF name)  | Load  |
-----------------------------------+------------------------+-------+
clk                                | BUFGP                  | 77    |
DISP/u2/clk_out                    | NONE(DISP/u3/temp_1)   | 2     |
-----------------------------------+------------------------+-------+
INFO:Xst:2169 - HDL ADVISOR - Some clock signals were not automatically buffered by XST with BUFG/BUFR resources. Please use the buffer_type constraint in order to insert these buffers to the clock signals to help prevent skew problems.

Asynchronous Control Signals Information:
----------------------------------------
No asynchronous control signals found in this design

Timing Summary:
---------------
Speed Grade: -4

   Minimum period: 6.303ns (Maximum Frequency: 158.664MHz)
   Minimum input arrival time before clock: No path found
   Maximum output required time after clock: 6.048ns
   Maximum combinational path delay: 4.910ns

Timing Detail:
--------------
All values displayed in nanoseconds (ns)

=========================================================================
Timing constraint: Default period analysis for Clock 'clk'
  Clock period: 6.303ns (frequency: 158.664MHz)
  Total number of paths / destination ports: 2059 / 142
-------------------------------------------------------------------------
Delay:               6.303ns (Levels of Logic = 9)
  Source:            DISP/u2/period_count_5 (FF)
  Destination:       DISP/u2/clk_out (FF)
  Source Clock:      clk rising
  Destination Clock: clk rising

  Data Path: DISP/u2/period_count_5 to DISP/u2/clk_out
                                Gate     Net
    Cell:in->out      fanout   Delay   Delay  Logical Name (Net Name)
    ----------------------------------------  ------------
     FDR:C->Q              2   0.591   0.622  DISP/u2/period_count_5 (DISP/u2/period_count_5)
     LUT2:I0->O            1   0.704   0.000  DISP/u2/clk_out_and0000_wg_lut<0> (DISP/u2/clk_out_and0000_wg_lut<0>)
     MUXCY:S->O            1   0.464   0.000  DISP/u2/clk_out_and0000_wg_cy<0> (DISP/u2/clk_out_and0000_wg_cy<0>)
     MUXCY:CI->O           1   0.059   0.000  DISP/u2/clk_out_and0000_wg_cy<1> (DISP/u2/clk_out_and0000_wg_cy<1>)
     MUXCY:CI->O           1   0.059   0.000  DISP/u2/clk_out_and0000_wg_cy<2> (DISP/u2/clk_out_and0000_wg_cy<2>)
     MUXCY:CI->O           1   0.059   0.000  DISP/u2/clk_out_and0000_wg_cy<3> (DISP/u2/clk_out_and0000_wg_cy<3>)
     MUXCY:CI->O           1   0.059   0.000  DISP/u2/clk_out_and0000_wg_cy<4> (DISP/u2/clk_out_and0000_wg_cy<4>)
     MUXCY:CI->O           1   0.059   0.000  DISP/u2/clk_out_and0000_wg_cy<5> (DISP/u2/clk_out_and0000_wg_cy<5>)
     MUXCY:CI->O          27   0.331   1.261  DISP/u2/clk_out_and0000_wg_cy<6> (DISP/u2/clk_out_and0000)
     INV:I->O              1   0.704   0.420  DISP/u2/clk_out_not00001_INV_0 (DISP/u2/clk_out_not0000)
     FDR:R                     0.911          DISP/u2/clk_out
    ----------------------------------------
    Total                      6.303ns (4.000ns logic, 2.303ns route)
                                       (63.5% logic, 36.5% route)

=========================================================================
Timing constraint: Default period analysis for Clock 'DISP/u2/clk_out'
  Clock period: 2.411ns (frequency: 414.766MHz)
  Total number of paths / destination ports: 3 / 2
-------------------------------------------------------------------------
Delay:               2.411ns (Levels of Logic = 1)
  Source:            DISP/u3/temp_1 (FF)
  Destination:       DISP/u3/temp_1 (FF)
  Source Clock:      DISP/u2/clk_out rising
  Destination Clock: DISP/u2/clk_out rising

  Data Path: DISP/u3/temp_1 to DISP/u3/temp_1
                                Gate     Net
    Cell:in->out      fanout   Delay   Delay  Logical Name (Net Name)
    ----------------------------------------  ------------
     FD:C->Q               5   0.591   0.808  DISP/u3/temp_1 (DISP/u3/temp_1)
     LUT2:I0->O            1   0.704   0.000  DISP/u3/Mcount_temp_xor<1>11 (Result<1>)
     FD:D                      0.308          DISP/u3/temp_1
    ----------------------------------------
    Total                      2.411ns (1.603ns logic, 0.808ns route)
                                       (66.5% logic, 33.5% route)

=========================================================================
Timing constraint: Default OFFSET OUT AFTER for Clock 'clk'
  Total number of paths / destination ports: 81 / 42
-------------------------------------------------------------------------
Offset:              6.048ns (Levels of Logic = 2)
  Source:            RC/MemDBOE (FF)
  Destination:       MemDB<15> (PAD)
  Source Clock:      clk rising

  Data Path: RC/MemDBOE to MemDB<15>
                                Gate     Net
    Cell:in->out      fanout   Delay   Delay  Logical Name (Net Name)
    ----------------------------------------  ------------
     FD:C->Q               2   0.591   0.447  RC/MemDBOE (RC/MemDBOE)
     INV:I->O             16   0.704   1.034  RC/MemDBOE_inv1_INV_0 (RC/MemDBOE_inv)
     OBUFT:T->O                3.272          MemDB_15_OBUFT (MemDB<15>)
    ----------------------------------------
    Total                      6.048ns (4.567ns logic, 1.481ns route)
                                       (75.5% logic, 24.5% route)

=========================================================================
Timing constraint: Default OFFSET OUT AFTER for Clock 'DISP/u2/clk_out'
  Total number of paths / destination ports: 8 / 4
-------------------------------------------------------------------------
Offset:              5.831ns (Levels of Logic = 2)
  Source:            DISP/u3/temp_0 (FF)
  Destination:       an<3> (PAD)
  Source Clock:      DISP/u2/clk_out rising

  Data Path: DISP/u3/temp_0 to an<3>
                                Gate     Net
    Cell:in->out      fanout   Delay   Delay  Logical Name (Net Name)
    ----------------------------------------  ------------
     FDR:C->Q              6   0.591   0.844  DISP/u3/temp_0 (DISP/u3/temp_0)
     LUT2:I0->O            1   0.704   0.420  DISP/u4/Mdecod_an31 (an_3_OBUF)
     OBUF:I->O                 3.272          an_3_OBUF (an<3>)
    ----------------------------------------
    Total                      5.831ns (4.567ns logic, 1.264ns route)
                                       (78.3% logic, 21.7% route)

=========================================================================
Timing constraint: Default path analysis
  Total number of paths / destination ports: 1 / 1
-------------------------------------------------------------------------
Delay:               4.910ns (Levels of Logic = 2)
  Source:            nin<0> (PAD)
  Destination:       nout<0> (PAD)

  Data Path: nin<0> to nout<0>
                                Gate     Net
    Cell:in->out      fanout   Delay   Delay  Logical Name (Net Name)
    ----------------------------------------  ------------
     IBUF:I->O             1   1.218   0.420  nin_0_IBUF (nout_0_OBUF)
     OBUF:I->O                 3.272          nout_0_OBUF (nout<0>)
    ----------------------------------------
    Total                      4.910ns (4.490ns logic, 0.420ns route)
                                       (91.4% logic, 8.6% route)

=========================================================================


Total REAL time to Xst completion: 15.00 secs
Total CPU time to Xst completion: 14.78 secs
 
--> 

Total memory usage is 274280 kilobytes

Number of errors   :    0 (   0 filtered)
Number of warnings :   72 (   0 filtered)
Number of infos    :    3 (   0 filtered)

